C:\Maven\apache-maven-3.9.5\bin\mvn.cmd : WARNING: A restricted method in 
java.lang.System has been called
At line:1 char:4
+    C:\Maven\apache-maven-3.9.5\bin\mvn.cmd clean package > build_outp ...
+    ~~~~~~~~~~~~~~~~~~~~~~~~~~~~~~~~~~~~~~~~~~~~~~~~~~~~~~~~~~~~~~~~~~
    + CategoryInfo          : NotSpecified: (WARNING: A rest...has been cal 
   led:String) [], RemoteException
    + FullyQualifiedErrorId : NativeCommandError
 
WARNING: java.lang.System::load has been called by 
org.fusesource.jansi.internal.JansiLoader in an unnamed module 
(file:/C:/Maven/apache-maven-3.9.5/lib/jansi-2.4.0.jar)
WARNING: Use --enable-native-access=ALL-UNNAMED to avoid a warning for 
callers in this module
WARNING: Restricted methods will be blocked in a future release unless 
native access is enabled

WARNING: A terminally deprecated method in sun.misc.Unsafe has been called
WARNING: sun.misc.Unsafe::objectFieldOffset has been called by 
com.google.common.util.concurrent.AbstractFuture$UnsafeAtomicHelper 
(file:/C:/Maven/apache-maven-3.9.5/lib/guava-32.0.1-jre.jar)
WARNING: Please consider reporting this to the maintainers of class 
com.google.common.util.concurrent.AbstractFuture$UnsafeAtomicHelper
WARNING: sun.misc.Unsafe::objectFieldOffset will be removed in a future 
release
[INFO] Scanning for projects...
[INFO] 
[INFO] -------------< com.usermanagement:user-management-system >--------------
[INFO] Building User Management System 1.0.0
[INFO]   from pom.xml
[INFO] --------------------------------[ jar ]---------------------------------
[INFO] 
[INFO] --- clean:3.2.0:clean (default-clean) @ user-management-system ---
[INFO] Deleting C:\Users\DELL\Desktop\user-management-system\backend\target
[INFO] 
[INFO] --- resources:3.3.1:resources (default-resources) @ user-management-system ---
[INFO] Copying 0 resource from src\main\resources to target\classes
[INFO] 
[INFO] --- compiler:3.11.0:compile (default-compile) @ user-management-system ---
[INFO] Changes detected - recompiling the module! :source
[INFO] Compiling 9 source files with javac [debug target 24] to target\classes
[INFO] -------------------------------------------------------------
[ERROR] COMPILATION ERROR : 
[INFO] -------------------------------------------------------------
[ERROR] /C:/Users/DELL/Desktop/user-management-system/backend/src/main/java/com/usermanagement/util/SecurityUtils.java:[3,26] package org.mindrot.bcrypt does not exist
[ERROR] /C:/Users/DELL/Desktop/user-management-system/backend/src/main/java/com/usermanagement/util/SecurityUtils.java:[17,16] cannot find symbol
  symbol:   variable BCrypt
  location: class com.usermanagement.util.SecurityUtils
[ERROR] /C:/Users/DELL/Desktop/user-management-system/backend/src/main/java/com/usermanagement/util/SecurityUtils.java:[17,40] cannot find symbol
  symbol:   variable BCrypt
  location: class com.usermanagement.util.SecurityUtils
[ERROR] /C:/Users/DELL/Desktop/user-management-system/backend/src/main/java/com/usermanagement/util/SecurityUtils.java:[21,16] cannot find symbol
  symbol:   variable BCrypt
  location: class com.usermanagement.util.SecurityUtils
[INFO] 4 errors 
[INFO] -------------------------------------------------------------
[INFO] ------------------------------------------------------------------------
[INFO] BUILD FAILURE
[INFO] ------------------------------------------------------------------------
[INFO] Total time:  2.161 s
[INFO] Finished at: 2025-11-29T12:50:32+05:30
[INFO] ------------------------------------------------------------------------
[ERROR] Failed to execute goal org.apache.maven.plugins:maven-compiler-plugin:3.11.0:compile (default-compile) on project user-management-system: Compilation failure: Compilation failure: 
[ERROR] /C:/Users/DELL/Desktop/user-management-system/backend/src/main/java/com/usermanagement/util/SecurityUtils.java:[3,26] package org.mindrot.bcrypt does not exist
[ERROR] /C:/Users/DELL/Desktop/user-management-system/backend/src/main/java/com/usermanagement/util/SecurityUtils.java:[17,16] cannot find symbol
[ERROR]   symbol:   variable BCrypt
[ERROR]   location: class com.usermanagement.util.SecurityUtils
[ERROR] /C:/Users/DELL/Desktop/user-management-system/backend/src/main/java/com/usermanagement/util/SecurityUtils.java:[17,40] cannot find symbol
[ERROR]   symbol:   variable BCrypt
[ERROR]   location: class com.usermanagement.util.SecurityUtils
[ERROR] /C:/Users/DELL/Desktop/user-management-system/backend/src/main/java/com/usermanagement/util/SecurityUtils.java:[21,16] cannot find symbol
[ERROR]   symbol:   variable BCrypt
[ERROR]   location: class com.usermanagement.util.SecurityUtils
[ERROR] -> [Help 1]
[ERROR] 
[ERROR] To see the full stack trace of the errors, re-run Maven with the -e switch.
[ERROR] Re-run Maven using the -X switch to enable full debug logging.
[ERROR] 
[ERROR] For more information about the errors and possible solutions, please read the following articles:
[ERROR] [Help 1] http://cwiki.apache.org/confluence/display/MAVEN/MojoFailureException
